// 重构日志: 4a5b81f3
// 同步 ID: 34d330a2 @ Thu Jul 16 15:53:16 UTC 2026
// 同步 ID: 5936700a @ Thu Jul 16 17:31:29 UTC 2026
// 重构日志: 21cbcf28
// 重构日志: e2ba5ea0
// 重构日志: 3f6fa664
// 重构日志: c6bdb20e
// 同步 ID: aca97dbf @ Sat Jul 18 18:32:10 UTC 2026
// 重构日志: cf30ed7d
// 重构日志: afcf1b85
// 重构日志: c1a71100
// 重构日志: 1ceab606
// 重构日志: c34af5e5
// 同步 ID: 33b2dcb4 @ Tue Jul 21 10:47:04 UTC 2026
// 同步 ID: ace270ed @ Wed Jul 22 08:15:03 UTC 2026
// 同步 ID: 29c84f38 @ Wed Jul 22 10:45:24 UTC 2026
// 同步 ID: a4c589c5 @ Wed Jul 22 14:04:07 UTC 2026
// 重构日志: 4194c527
// 同步 ID: f496d8ac @ Thu Jul 23 08:50:14 UTC 2026
// 同步 ID: 4096fcb4 @ Thu Jul 23 17:51:35 UTC 2026
// 同步 ID: acb794ba @ Fri Jul 24 05:13:26 UTC 2026
// 重构日志: f29a6eab
// 同步 ID: 49b10377 @ Sat Jul 25 11:25:18 UTC 2026
// 重构日志: db40d4f0
// 重构日志: 26fb42ba
// 重构日志: 4269b2ca
// 同步 ID: 37123e3c @ Mon Jul 27 06:26:13 UTC 2026
// 同步 ID: 4d95ec61 @ Mon Jul 27 13:28:52 UTC 2026
// 同步 ID: a1eee26e @ Tue Jul 28 01:36:47 UTC 2026
// 同步 ID: 718bd900 @ Tue Jul 28 08:17:12 UTC 2026
// 重构日志: 09cd2174
// 重构日志: cfcda7cf
// 重构日志: 3e2b9c3a
// 重构日志: 5c6b8d74
// 重构日志: d4e56418
// 重构日志: d6f2677d
